// Jest Snapshot v1, https://goo.gl/fbAQLP

exports[`index.ts exports snapshot test 1`] = `
{
  "Loader": [Function],
}
`;
