// Jest Snapshot v1, https://goo.gl/fbAQLP

exports[`index.ts exports snapshot test 1`] = `
{
  "addRequestInterceptor": [Function],
  "addResponseInterceptor": [Function],
  "beforeUnload": {
    "callBackFn": [Function],
    "subscribe": [Function],
    "unSubscribe": [Function],
  },
  "capitalizeFirstChar": [Function],
  "classNames": [Function],
  "convertGainFormat": [Function],
  "convertToArrayOfPairs": [Function],
  "copyToClipboard": [Function],
  "debugLog": [Function],
  "deduplicate": [Function],
  "deleteCookie": [Function],
  "downloadFileFromData": [Function],
  "errorLog": [Function],
  "formatSecToYodaTime": [Function],
  "gcd": [Function],
  "generateRandomString": [Function],
  "generateUniqSerial": [Function],
  "getAspectRatio": [Function],
  "getCookie": [Function],
  "getEncodedURI": [Function],
  "getInitials": [Function],
  "getMaskedValue": [Function],
  "getQueryParam": [Function],
  "handleRequest": [Function],
  "infoLog": [Function],
  "isBrowser": [Function],
  "isDesktop": [Function],
  "isEqualsIgnoringCase": [Function],
  "isLocalhost": [Function],
  "isMobile": {
    "android": [Function],
    "any": [Function],
    "iOS": [Function],
  },
  "isMobileBrowser": [Function],
  "isNonInteger": [Function],
  "load": {
    "callBackFn": [Function],
    "subscribe": [Function],
    "unSubscribe": [Function],
  },
  "log": [Function],
  "maskCharsExceptLastN": [Function],
  "preferredColorScheme": {
    "callBackFn": [Function],
    "subscribe": [Function],
    "unSubscribe": [Function],
  },
  "processQueryParams": [Function],
  "renameKeys": [Function],
  "reportWebVitals": [Function],
  "rgbToHex": [Function],
  "rgbaToHex": [Function],
  "scrollToTop": [Function],
  "setCookie": [Function],
  "tableLog": [Function],
  "traceLog": [Function],
  "triggerCallback": [Function],
  "useDebounce": [Function],
  "useThrottle": [Function],
  "warnLog": [Function],
}
`;
