// Jest Snapshot v1, https://goo.gl/fbAQLP

exports[`index.ts exports snapshot test 1`] = `
{
  "Button": [Function],
  "ComponentWithSuspense": [Function],
  "HtmlContent": [Function],
  "Loader": [Function],
}
`;
