// Jest Snapshot v1, https://goo.gl/fbAQLP

exports[`index.ts exports snapshot test 1`] = `
{
  "useApiRequest": [Function],
  "useBackPress": [Function],
  "useInitAxios": [Function],
  "useTheme": [Function],
}
`;
